Flow report for processor_arm
Wed Sep 11 12:34:02 2024
Quartus Prime Version 20.1.0 Build 711 06/05/2020 SJ Lite Edition


---------------------
; Table of Contents ;
---------------------
  1. Legal Notice
  2. Flow Summary
  3. Flow Settings
  4. Flow Non-Default Global Settings
  5. Flow Elapsed Time
  6. Flow OS Summary
  7. Flow Log
  8. Flow Messages
  9. Flow Suppressed Messages



----------------
; Legal Notice ;
----------------
Copyright (C) 2020  Intel Corporation. All rights reserved.
Your use of Intel Corporation's design tools, logic functions 
and other software and tools, and any partner logic 
functions, and any output files from any of the foregoing 
(including device programming or simulation files), and any 
associated documentation or information are expressly subject 
to the terms and conditions of the Intel Program License 
Subscription Agreement, the Intel Quartus Prime License Agreement,
the Intel FPGA IP License Agreement, or other applicable license
agreement, including, without limitation, that your use is for
the sole purpose of programming logic devices manufactured by
Intel and sold by Intel or its authorized distributors.  Please
refer to the applicable agreement for further details, at
https://fpgasoftware.intel.com/eula.



+----------------------------------------------------------------------------------+
; Flow Summary                                                                     ;
+------------------------------------+---------------------------------------------+
; Flow Status                        ; Successful - Wed Sep 11 12:34:01 2024       ;
; Quartus Prime Version              ; 20.1.0 Build 711 06/05/2020 SJ Lite Edition ;
; Revision Name                      ; processor_arm                               ;
; Top-level Entity Name              ; processor_arm                               ;
; Family                             ; Cyclone IV E                                ;
; Device                             ; EP4CE22F17C6                                ;
; Timing Models                      ; Final                                       ;
; Total logic elements               ; 12,031                                      ;
;     Total combinational functions  ; 6,090                                       ;
;     Dedicated logic registers      ; 6,150                                       ;
; Total registers                    ; 6150                                        ;
; Total pins                         ; 132                                         ;
; Total virtual pins                 ; 0                                           ;
; Total memory bits                  ; 0                                           ;
; Embedded Multiplier 9-bit elements ; 0                                           ;
; Total PLLs                         ; 0                                           ;
+------------------------------------+---------------------------------------------+


+-----------------------------------------+
; Flow Settings                           ;
+-------------------+---------------------+
; Option            ; Setting             ;
+-------------------+---------------------+
; Start date & time ; 09/11/2024 12:33:29 ;
; Main task         ; Compilation         ;
; Revision Name     ; processor_arm       ;
+-------------------+---------------------+


+-------------------------------------------------------------------------------------------------------------------------------------------------+
; Flow Non-Default Global Settings                                                                                                                ;
+--------------------------------------+----------------------------------------+---------------+-------------+-----------------------------------+
; Assignment Name                      ; Value                                  ; Default Value ; Entity Name ; Section Id                        ;
+--------------------------------------+----------------------------------------+---------------+-------------+-----------------------------------+
; COMPILER_SIGNATURE_ID                ; 189225772175494.172606880919625        ; --            ; --          ; --                                ;
; EDA_DESIGN_INSTANCE_NAME             ; NA                                     ; --            ; --          ; regfile_tb_CAM                    ;
; EDA_DESIGN_INSTANCE_NAME             ; NA                                     ; --            ; --          ; fetch_tb_CAM                      ;
; EDA_DESIGN_INSTANCE_NAME             ; NA                                     ; --            ; --          ; imem_tb_CAM                       ;
; EDA_DESIGN_INSTANCE_NAME             ; NA                                     ; --            ; --          ; execute_tb_CAM                    ;
; EDA_DESIGN_INSTANCE_NAME             ; NA                                     ; --            ; --          ; maindec_tb_CAM                    ;
; EDA_DESIGN_INSTANCE_NAME             ; NA                                     ; --            ; --          ; flopr_tb_CAM                      ;
; EDA_DESIGN_INSTANCE_NAME             ; NA                                     ; --            ; --          ; alu_tb_CAM                        ;
; EDA_DESIGN_INSTANCE_NAME             ; NA                                     ; --            ; --          ; signext_tb_CAM                    ;
; EDA_DESIGN_INSTANCE_NAME             ; NA                                     ; --            ; --          ; processor_tb                      ;
; EDA_GENERATE_FUNCTIONAL_NETLIST      ; Off                                    ; --            ; --          ; eda_board_design_timing           ;
; EDA_GENERATE_FUNCTIONAL_NETLIST      ; Off                                    ; --            ; --          ; eda_board_design_boundary_scan    ;
; EDA_GENERATE_FUNCTIONAL_NETLIST      ; Off                                    ; --            ; --          ; eda_board_design_signal_integrity ;
; EDA_GENERATE_FUNCTIONAL_NETLIST      ; Off                                    ; --            ; --          ; eda_board_design_symbol           ;
; EDA_NATIVELINK_SIMULATION_TEST_BENCH ; processor_tb                           ; --            ; --          ; eda_simulation                    ;
; EDA_OUTPUT_DATA_FORMAT               ; Systemverilog Hdl                      ; --            ; --          ; eda_simulation                    ;
; EDA_SIMULATION_TOOL                  ; ModelSim-Altera (SystemVerilog)        ; <None>        ; --          ; --                                ;
; EDA_TEST_BENCH_ENABLE_STATUS         ; TEST_BENCH_MODE                        ; --            ; --          ; eda_simulation                    ;
; EDA_TEST_BENCH_FILE                  ; test-benches/regfile_tb_CAM.sv         ; --            ; --          ; regfile_tb_CAM                    ;
; EDA_TEST_BENCH_FILE                  ; test-benches/fetch_tb_CAM.sv           ; --            ; --          ; fetch_tb_CAM                      ;
; EDA_TEST_BENCH_FILE                  ; test-benches/imem_tb_CAM.sv            ; --            ; --          ; imem_tb_CAM                       ;
; EDA_TEST_BENCH_FILE                  ; test-benches/execute_tb_CAM.sv         ; --            ; --          ; execute_tb_CAM                    ;
; EDA_TEST_BENCH_FILE                  ; test-benches/maindec_tb_CAM.sv         ; --            ; --          ; maindec_tb_CAM                    ;
; EDA_TEST_BENCH_FILE                  ; test-benches/flopr_tb_CAM.sv           ; --            ; --          ; flopr_tb_CAM                      ;
; EDA_TEST_BENCH_FILE                  ; test-benches/alu_tb_CAM.sv             ; --            ; --          ; alu_tb_CAM                        ;
; EDA_TEST_BENCH_FILE                  ; test-benches/signext_tb_CAM.sv         ; --            ; --          ; signext_tb_CAM                    ;
; EDA_TEST_BENCH_FILE                  ; test-benches/processor_tb.sv           ; --            ; --          ; processor_tb                      ;
; EDA_TEST_BENCH_MODULE_NAME           ; regfile_tb_CAM                         ; --            ; --          ; regfile_tb_CAM                    ;
; EDA_TEST_BENCH_MODULE_NAME           ; fetch_tb_CAM                           ; --            ; --          ; fetch_tb_CAM                      ;
; EDA_TEST_BENCH_MODULE_NAME           ; imem_tb_CAM                            ; --            ; --          ; imem_tb_CAM                       ;
; EDA_TEST_BENCH_MODULE_NAME           ; execute_tb_CAM                         ; --            ; --          ; execute_tb_CAM                    ;
; EDA_TEST_BENCH_MODULE_NAME           ; maindec_tb_CAM                         ; --            ; --          ; maindec_tb_CAM                    ;
; EDA_TEST_BENCH_MODULE_NAME           ; flopr_tb                               ; --            ; --          ; flopr_tb_CAM                      ;
; EDA_TEST_BENCH_MODULE_NAME           ; alu_tb_CAM                             ; --            ; --          ; alu_tb_CAM                        ;
; EDA_TEST_BENCH_MODULE_NAME           ; signext_tb_CAM                         ; --            ; --          ; signext_tb_CAM                    ;
; EDA_TEST_BENCH_MODULE_NAME           ; processor_tb                           ; --            ; --          ; processor_tb                      ;
; EDA_TEST_BENCH_NAME                  ; flopr_tb_CAM                           ; --            ; --          ; eda_simulation                    ;
; EDA_TEST_BENCH_NAME                  ; signext_tb_CAM                         ; --            ; --          ; eda_simulation                    ;
; EDA_TEST_BENCH_NAME                  ; alu_tb_CAM                             ; --            ; --          ; eda_simulation                    ;
; EDA_TEST_BENCH_NAME                  ; imem_tb_CAM                            ; --            ; --          ; eda_simulation                    ;
; EDA_TEST_BENCH_NAME                  ; maindec_tb_CAM                         ; --            ; --          ; eda_simulation                    ;
; EDA_TEST_BENCH_NAME                  ; execute_tb_CAM                         ; --            ; --          ; eda_simulation                    ;
; EDA_TEST_BENCH_NAME                  ; regfile_tb_CAM                         ; --            ; --          ; eda_simulation                    ;
; EDA_TEST_BENCH_NAME                  ; fetch_tb_CAM                           ; --            ; --          ; eda_simulation                    ;
; EDA_TEST_BENCH_NAME                  ; processor_tb                           ; --            ; --          ; eda_simulation                    ;
; EDA_TIME_SCALE                       ; 1 ps                                   ; --            ; --          ; eda_simulation                    ;
; MAX_CORE_JUNCTION_TEMP               ; 85                                     ; --            ; --          ; --                                ;
; MIN_CORE_JUNCTION_TEMP               ; 0                                      ; --            ; --          ; --                                ;
; NOMINAL_CORE_SUPPLY_VOLTAGE          ; 1.2V                                   ; --            ; --          ; --                                ;
; PARTITION_COLOR                      ; -- (Not supported for targeted family) ; --            ; --          ; Top                               ;
; PARTITION_FITTER_PRESERVATION_LEVEL  ; -- (Not supported for targeted family) ; --            ; --          ; Top                               ;
; PARTITION_NETLIST_TYPE               ; -- (Not supported for targeted family) ; --            ; --          ; Top                               ;
; POWER_BOARD_THERMAL_MODEL            ; None (CONSERVATIVE)                    ; --            ; --          ; --                                ;
; POWER_PRESET_COOLING_SOLUTION        ; 23 MM HEAT SINK WITH 200 LFPM AIRFLOW  ; --            ; --          ; --                                ;
; PROJECT_OUTPUT_DIRECTORY             ; output_files                           ; --            ; --          ; --                                ;
+--------------------------------------+----------------------------------------+---------------+-------------+-----------------------------------+


+--------------------------------------------------------------------------------------------------------------------------+
; Flow Elapsed Time                                                                                                        ;
+----------------------+--------------+-------------------------+---------------------+------------------------------------+
; Module Name          ; Elapsed Time ; Average Processors Used ; Peak Virtual Memory ; Total CPU Time (on all processors) ;
+----------------------+--------------+-------------------------+---------------------+------------------------------------+
; Analysis & Synthesis ; 00:00:31     ; 1.0                     ; 519 MB              ; 00:00:46                           ;
; Total                ; 00:00:31     ; --                      ; --                  ; 00:00:46                           ;
+----------------------+--------------+-------------------------+---------------------+------------------------------------+


+----------------------------------------------------------------------------------------+
; Flow OS Summary                                                                        ;
+----------------------+------------------+----------------+------------+----------------+
; Module Name          ; Machine Hostname ; OS Name        ; OS Version ; Processor type ;
+----------------------+------------------+----------------+------------+----------------+
; Analysis & Synthesis ; Camilo649        ; Ubuntu 24.04.1 ; 24         ; x86_64         ;
+----------------------+------------------+----------------+------------+----------------+


------------
; Flow Log ;
------------
quartus_map --read_settings_files=on --write_settings_files=off processor_arm -c processor_arm



